refractrouter_task 调用已完成，结果如下（一次调用，未重试、未改写参数）：

## 工具状态
- **status**: `pass`，`exitCode: 0`，未超时、未中止，`issues: []`
- **mode**: `paid`（付费执行），phase 显示 `dry-run` 为环境标识，实际按 `run` 执行完成
- **credentialConfigured**: `true`，**modelProviderConfigured**: `true`
- **billingUnit**: `AFP`

## 模型分配
任务被规划为 3 节点的有界并行 DAG（`planOrigin: model`，`maxConcurrency: 2`，`peakActiveNodes: 2`）：

| 节点 | 类型 | 父节点 | 模型 |
|------|------|--------|------|
| `cost_analysis` | generation | — | cheap |
| `risk_analysis` | generation | — | cheap |
| `synthesis` | generation | cost_analysis, risk_analysis | cheap |

成本与风险分析两节点独立并行，综合节点消费两者结果（与任务要求一致：各自材料互不消费对方结果）。

## 最终评分
- **qualityScore**: 100
- **evaluationPassed**: true（两项验收条件均通过）
- **productionCost**: 0.283 AFP，**evaluationCost**: 1.109 AFP，**unconfirmedCost**: 0，`costIsSimulated: false`
- **wallTimeMs**: 35443（预测时延 43720ms，在 300000ms 上限内）

## 产物路径
- **结果文件**: `/private/var/folders/k7/gkd3c8vx14g4d5kzs_fn2qgw0000gn/T/refractrouter-dsh-plugin-rr1VgK/output/task-result.json`
- **证据文件**: `/var/folders/k7/gkd3c8vx14g4d5kzs_fn2qgw0000gn/T/refractrouter-dsh-plugin-rr1VgK/evidence.json`
- **输出目录**: `/private/var/folders/k7/gkd3c8vx14g4d5kzs_fn2qgw0000gn/T/refractrouter-dsh-plugin-rr1VgK/output`（含 answer.md、manifest.json、routing.json、plan.json 等）

## 输出摘要（验证核心内容）
- **成本分析**：试点 24/4=6 单位/组；全面推广 54/12=4.5 单位/组 → 全面推广单位覆盖成本更低。
- **风险分析**：试点按周可调、灵活性高但进度不确定；全面推广要求上线前统一完成培训且未确认完成 → 存在培训延误与灵活性不足风险；未虚构收益与风险概率。
- **综合建议**：有条件推荐——若培训能按时完成并确认质量，推荐全面推广；若培训完成无法确认，建议先试点，待状态明确再评估转入全面推广。
